 
****************************************
Report : power
        -hier
        -analysis_effort low
Design : newMAC
Version: T-2022.03-SP5
Date   : Wed Jan  7 20:24:01 2026
****************************************


Library(s) Used:

    tcbn65lphvtwc_ccs (File: /dkits/tsmc/65nm/IP_65nm/LP/STDCELL_IO/designPackage/stclib/9-track/Front_End/timing_power_noise/CCS/tcbn65lphvt_200a/tcbn65lphvtwc_ccs.db)


Operating Conditions: WCCOM   Library: tcbn65lphvtwc_ccs
Wire Load Model Mode: segmented

Design        Wire Load Model            Library
------------------------------------------------
newMAC                 ZeroWireload      tcbn65lphvtwc_ccs
indexGen               ZeroWireload      tcbn65lphvtwc_ccs
SNPS_CLOCK_GATE_HIGH_newMAC_8
                       ZeroWireload      tcbn65lphvtwc_ccs
SNPS_CLOCK_GATE_HIGH_newMAC_0
                       ZeroWireload      tcbn65lphvtwc_ccs
SNPS_CLOCK_GATE_HIGH_newMAC_1
                       ZeroWireload      tcbn65lphvtwc_ccs
SNPS_CLOCK_GATE_HIGH_newMAC_2
                       ZeroWireload      tcbn65lphvtwc_ccs
SNPS_CLOCK_GATE_HIGH_newMAC_3
                       ZeroWireload      tcbn65lphvtwc_ccs
SNPS_CLOCK_GATE_HIGH_newMAC_4
                       ZeroWireload      tcbn65lphvtwc_ccs
SNPS_CLOCK_GATE_HIGH_newMAC_5
                       ZeroWireload      tcbn65lphvtwc_ccs
SNPS_CLOCK_GATE_HIGH_newMAC_6
                       ZeroWireload      tcbn65lphvtwc_ccs
SNPS_CLOCK_GATE_HIGH_newMAC_7
                       ZeroWireload      tcbn65lphvtwc_ccs


Global Operating Voltage = 1.08 
Power-specific unit information :
    Voltage Units = 1V
    Capacitance Units = 1.000000pf
    Time Units = 1ns
    Dynamic Power Units = 1mW    (derived from V,C,T units)
    Leakage Power Units = 1nW


--------------------------------------------------------------------------------
                                       Switch   Int      Leak     Total
Hierarchy                              Power    Power    Power    Power    %
--------------------------------------------------------------------------------
newMAC                                 2.91e-03 1.68e-02   88.013 1.98e-02 100.0
  u_indexGen (indexGen)                5.49e-05 5.96e-05    0.682 1.15e-04   0.6
1
